# Сырые замеры da_gbuffer_probe по светящейся палочке (01.08.2026, ночь)
# Лог игры перезаписывается при каждом запуске — эти строки сохранены отдельно.
# Разбор и выводы: заметка velocity-buffer-gaps в памяти.
#
# ЧТО ЗДЕСЬ ЛЕЖИТ: два среза ПОСЛЕДНЕГО запуска, разрешение рендера 1920x1080
# (апскейлер выключен), y=520 и y=524.
# ⚠️ Окно 24x16 в обоих целиком ВНУТРИ палочки: глубина 0.642..0.655, порог карты
# 0.649 попал в середину этого диапазона — значит '#'/'.' рисуют собственную
# кривизну предмета, а НЕ границу с фоном. Про кромку эти два среза не говорят.
#
# ⛔ Ключевой замер (палочка -> трава, глубина 0.685 -> 1.411, разрешение 1478x830,
# y=549) был в ПРЕДЫДУЩЕМ логе и затёрт следующим запуском. Его числа сохранились
# только в пересказе — в заметке velocity-buffer-gaps.

~ [DA_ROW] центр среза: самый яркий пиксель кадра (394, 520)
~ [DA_ROW] ---- строка y=520, x=382..405 (разрешение рендера 1920x1080) ----
~ [DA_ROW]   x  |  глубина |    цвет r/g/b     | глянец |  вектор x/y   | реакт.
~ [DA_ROW]  382 |    0.644 |   0.91   0.98   0.00 |  1.000 | +0.0000 +0.0000 | 0.000
~ [DA_ROW]  383 |    0.644 |   0.91   0.98   0.00 |  1.000 | +0.0000 +0.0000 | 0.000
~ [DA_ROW]  384 |    0.644 |   0.92   0.98   0.00 |  1.000 | +0.0000 +0.0000 | 0.000
~ [DA_ROW]  385 |    0.644 |   0.92   0.98   0.00 |  1.000 | +0.0000 +0.0000 | 0.000
~ [DA_ROW]  386 |    0.644 |   0.92   0.98   0.00 |  1.000 | +0.0000 +0.0000 | 0.000
~ [DA_ROW]  387 |    0.644 |   0.92   0.98   0.00 |  1.000 | +0.0000 +0.0000 | 0.000
~ [DA_ROW]  388 |    0.644 |   0.92   0.98   0.00 |  1.000 | +0.0000 +0.0000 | 0.000
~ [DA_ROW]  389 |    0.644 |   0.92   0.98   0.00 |  1.000 | +0.0000 +0.0000 | 0.000
~ [DA_ROW]  390 |    0.644 |   0.92   0.98   0.00 |  1.000 | +0.0000 +0.0000 | 0.000
~ [DA_ROW]  391 |    0.644 |   0.92   0.98   0.00 |  1.000 | +0.0000 +0.0000 | 0.000
~ [DA_ROW]  392 |    0.644 |   0.92   0.99   0.00 |  1.000 | +0.0000 +0.0000 | 0.000
~ [DA_ROW]  393 |    0.644 |   0.92   0.99   0.00 |  1.000 | +0.0000 +0.0000 | 0.000
~ [DA_ROW]  394 |    0.644 |   0.92   0.99   0.00 |  1.000 | +0.0000 +0.0000 | 0.000
~ [DA_ROW]  395 |    0.643 |   0.92   0.99   0.00 |  1.000 | +0.0000 +0.0000 | 0.000
~ [DA_ROW]  396 |    0.643 |   0.92   0.99   0.00 |  1.000 | +0.0000 +0.0000 | 0.000
~ [DA_ROW]  397 |    0.643 |   0.92   0.99   0.00 |  1.000 | +0.0000 +0.0000 | 0.000
~ [DA_ROW]  398 |    0.643 |   0.92   0.99   0.00 |  1.000 | +0.0000 +0.0000 | 0.000
~ [DA_ROW]  399 |    0.644 |   0.92   0.99   0.00 |  1.000 | +0.0000 +0.0000 | 0.000
~ [DA_ROW]  400 |    0.645 |   0.92   0.99   0.00 |  1.000 | +0.0000 +0.0000 | 0.000
~ [DA_ROW]  401 |    0.646 |   0.92   0.99   0.00 |  1.000 | +0.0000 +0.0000 | 0.000
~ [DA_ROW]  402 |    0.648 |   0.92   0.99   0.00 |  1.000 | +0.0000 +0.0000 | 0.000
~ [DA_ROW]  403 |    0.650 |   0.92   0.99   0.00 |  1.000 | +0.0000 +0.0000 | 0.000
~ [DA_ROW]  404 |    0.652 |   0.92   0.98   0.00 |  1.000 | +0.0000 +0.0000 | 0.000
~ [DA_ROW]  405 |    0.655 |   0.92   0.98   0.00 |  1.000 | +0.0000 +0.0000 | 0.000
~ [DA_ROW] ---- конец среза ----
~ [DA_MAP] силуэт по глубине, порог 0.649  ('#' ближе — объект, '.' дальше — фон)
~ [DA_MAP] y= 512 |#####################...|
~ [DA_MAP] y= 513 |#####################...|
~ [DA_MAP] y= 514 |#####################...|
~ [DA_MAP] y= 515 |#####################...|
~ [DA_MAP] y= 516 |#####################...|
~ [DA_MAP] y= 517 |#####################...|
~ [DA_MAP] y= 518 |#####################...|
~ [DA_MAP] y= 519 |#####################...|
~ [DA_MAP] y= 520 |#####################...|
~ [DA_MAP] y= 521 |#####################...|
~ [DA_MAP] y= 522 |#####################...|
~ [DA_MAP] y= 523 |#####################...|
~ [DA_MAP] y= 524 |#####################...|
~ [DA_MAP] y= 525 |######################..|
~ [DA_MAP] y= 526 |######################..|
~ [DA_MAP] y= 527 |######################..|
~ [DA_MAP] ---- конец карты ----
~ [DA_ROW] центр среза: самый яркий пиксель кадра (394, 524)
~ [DA_ROW] ---- строка y=524, x=382..405 (разрешение рендера 1920x1080) ----
~ [DA_ROW]   x  |  глубина |    цвет r/g/b     | глянец |  вектор x/y   | реакт.
~ [DA_ROW]  382 |    0.644 |   0.91   0.98   0.00 |  1.000 | +0.0000 +0.0000 | 0.000
~ [DA_ROW]  383 |    0.643 |   0.91   0.98   0.00 |  1.000 | +0.0000 +0.0000 | 0.000
~ [DA_ROW]  384 |    0.643 |   0.92   0.98   0.00 |  1.000 | +0.0000 +0.0000 | 0.000
~ [DA_ROW]  385 |    0.643 |   0.92   0.98   0.00 |  1.000 | +0.0000 +0.0000 | 0.000
~ [DA_ROW]  386 |    0.643 |   0.92   0.98   0.00 |  1.000 | +0.0000 +0.0000 | 0.000
~ [DA_ROW]  387 |    0.643 |   0.92   0.98   0.00 |  1.000 | +0.0000 +0.0000 | 0.000
~ [DA_ROW]  388 |    0.643 |   0.92   0.98   0.00 |  1.000 | +0.0000 +0.0000 | 0.000
~ [DA_ROW]  389 |    0.643 |   0.92   0.98   0.00 |  1.000 | +0.0000 +0.0000 | 0.000
~ [DA_ROW]  390 |    0.643 |   0.92   0.98   0.00 |  1.000 | +0.0000 +0.0000 | 0.000
~ [DA_ROW]  391 |    0.643 |   0.92   0.98   0.00 |  1.000 | +0.0000 +0.0000 | 0.000
~ [DA_ROW]  392 |    0.643 |   0.92   0.98   0.00 |  1.000 | +0.0000 +0.0000 | 0.000
~ [DA_ROW]  393 |    0.643 |   0.92   0.98   0.00 |  1.000 | +0.0000 +0.0000 | 0.000
~ [DA_ROW]  394 |    0.643 |   0.92   0.99   0.00 |  1.000 | +0.0000 +0.0000 | 0.000
~ [DA_ROW]  395 |    0.642 |   0.92   0.99   0.00 |  1.000 | +0.0000 +0.0000 | 0.000
~ [DA_ROW]  396 |    0.642 |   0.92   0.99   0.00 |  1.000 | +0.0000 +0.0000 | 0.000
~ [DA_ROW]  397 |    0.642 |   0.92   0.99   0.00 |  1.000 | +0.0000 +0.0000 | 0.000
~ [DA_ROW]  398 |    0.642 |   0.92   0.99   0.00 |  1.000 | +0.0000 +0.0000 | 0.000
~ [DA_ROW]  399 |    0.642 |   0.92   0.99   0.00 |  1.000 | +0.0000 +0.0000 | 0.000
~ [DA_ROW]  400 |    0.642 |   0.92   0.99   0.00 |  1.000 | +0.0000 +0.0000 | 0.000
~ [DA_ROW]  401 |    0.643 |   0.92   0.98   0.00 |  1.000 | +0.0000 +0.0000 | 0.000
~ [DA_ROW]  402 |    0.645 |   0.92   0.98   0.00 |  1.000 | +0.0000 +0.0000 | 0.000
~ [DA_ROW]  403 |    0.646 |   0.92   0.98   0.00 |  1.000 | +0.0000 +0.0000 | 0.000
~ [DA_ROW]  404 |    0.648 |   0.92   0.98   0.00 |  1.000 | +0.0000 +0.0000 | 0.000
~ [DA_ROW]  405 |    0.650 |   0.92   0.98   0.00 |  1.000 | +0.0000 +0.0000 | 0.000
~ [DA_ROW] ---- конец среза ----
~ [DA_MAP] силуэт по глубине, порог 0.646  ('#' ближе — объект, '.' дальше — фон)
~ [DA_MAP] y= 516 |#####################...|
~ [DA_MAP] y= 517 |#####################...|
~ [DA_MAP] y= 518 |#####################...|
~ [DA_MAP] y= 519 |#####################...|
~ [DA_MAP] y= 520 |#####################...|
~ [DA_MAP] y= 521 |#####################...|
~ [DA_MAP] y= 522 |#####################...|
~ [DA_MAP] y= 523 |######################..|
~ [DA_MAP] y= 524 |######################..|
~ [DA_MAP] y= 525 |######################..|
~ [DA_MAP] y= 526 |######################..|
~ [DA_MAP] y= 527 |######################..|
~ [DA_MAP] y= 528 |######################..|
~ [DA_MAP] y= 529 |######################..|
~ [DA_MAP] y= 530 |######################..|
~ [DA_MAP] y= 531 |######################..|
~ [DA_MAP] ---- конец карты ----
